ARM Linker, 4.1 [Build 481] [Professional]

==============================================================================

Section Cross References

    startup_stm32f10x_cl.o(RESET) refers to startup_stm32f10x_cl.o(STACK) for __initial_sp
    startup_stm32f10x_cl.o(RESET) refers to startup_stm32f10x_cl.o(.text) for Reset_Handler
    startup_stm32f10x_cl.o(RESET) refers to stm32f10x_it.o(.text) for NMI_Handler
    startup_stm32f10x_cl.o(.text) refers to system_stm32f10x.o(.text) for SystemInit
    startup_stm32f10x_cl.o(.text) refers to entry.o(.ARM.Collect$$$$00000000) for __main
    stm32f10x_wwdg.o(.text) refers to stm32f10x_rcc.o(.text) for RCC_APB1PeriphResetCmd
    stm32f10x_wwdg.o(.text) refers to main.o(.text) for assert_failed
    misc.o(.text) refers to main.o(.text) for assert_failed
    stm32f10x_adc.o(.text) refers to main.o(.text) for assert_failed
    stm32f10x_adc.o(.text) refers to stm32f10x_rcc.o(.text) for RCC_APB2PeriphResetCmd
    stm32f10x_bkp.o(.text) refers to stm32f10x_rcc.o(.text) for RCC_BackupResetCmd
    stm32f10x_bkp.o(.text) refers to main.o(.text) for assert_failed
    stm32f10x_can.o(.text) refers to main.o(.text) for assert_failed
    stm32f10x_can.o(.text) refers to stm32f10x_rcc.o(.text) for RCC_APB1PeriphResetCmd
    stm32f10x_dbgmcu.o(.text) refers to main.o(.text) for assert_failed
    stm32f10x_dma.o(.text) refers to main.o(.text) for assert_failed
    stm32f10x_exti.o(.text) refers to main.o(.text) for assert_failed
    stm32f10x_flash.o(.text) refers to main.o(.text) for assert_failed
    stm32f10x_gpio.o(.text) refers to main.o(.text) for assert_failed
    stm32f10x_gpio.o(.text) refers to stm32f10x_rcc.o(.text) for RCC_APB2PeriphResetCmd
    stm32f10x_i2c.o(.text) refers to main.o(.text) for assert_failed
    stm32f10x_i2c.o(.text) refers to stm32f10x_rcc.o(.text) for RCC_APB1PeriphResetCmd
    stm32f10x_iwdg.o(.text) refers to main.o(.text) for assert_failed
    stm32f10x_pwr.o(.text) refers to stm32f10x_rcc.o(.text) for RCC_APB1PeriphResetCmd
    stm32f10x_pwr.o(.text) refers to main.o(.text) for assert_failed
    stm32f10x_rcc.o(.text) refers to main.o(.text) for assert_failed
    stm32f10x_rcc.o(.text) refers to stm32f10x_rcc.o(.data) for APBAHBPrescTable
    stm32f10x_rtc.o(.text) refers to main.o(.text) for assert_failed
    stm32f10x_spi.o(.text) refers to main.o(.text) for assert_failed
    stm32f10x_spi.o(.text) refers to stm32f10x_rcc.o(.text) for RCC_APB2PeriphResetCmd
    stm32f10x_tim.o(.text) refers to main.o(.text) for assert_failed
    stm32f10x_tim.o(.text) refers to stm32f10x_rcc.o(.text) for RCC_APB2PeriphResetCmd
    stm32f10x_usart.o(.text) refers to main.o(.text) for assert_failed
    stm32f10x_usart.o(.text) refers to stm32f10x_rcc.o(.text) for RCC_APB2PeriphResetCmd
    main.o(.text) refers to basebus_protocol.o(.text) for AiQuerry
    main.o(.text) refers to stm32f10x_gpio.o(.text) for GPIO_WriteBit
    main.o(.text) refers to lwp103client.o(.text) for Task_Pt103
    main.o(.text) refers to system_stm32f10x.o(.text) for SystemInit
    main.o(.text) refers to bsp.o(.text) for RCC_Configuration
    main.o(.text) refers to realtimedb.o(.text) for DataBase_Init
    main.o(.text) refers to stm32f10x_rcc.o(.text) for RCC_GetFlagStatus
    main.o(.text) refers to netconf.o(.text) for LwIP_Init
    main.o(.text) refers to helloworld.o(.text) for HelloWorld_init
    main.o(.text) refers to tcp_modbus.o(.text) for main_TcpModbus_init
    main.o(.text) refers to pad_client.o(.text) for Pad_client_init
    main.o(.text) refers to printfa.o(i.__0printf) for __2printf
    main.o(.text) refers to stm32f10x_usart.o(.text) for USART_SendData
    main.o(.text) refers to main.o(.data) for QRYTimer
    main.o(.text) refers to canbus.o(.data) for Can_OnlineCnt
    main.o(.text) refers to bsp.o(.data) for LocalTime
    stm32f10x_it.o(.text) refers to bsp.o(.text) for Time_Update
    stm32f10x_it.o(.text) refers to i2croutines.o(.text) for _I2C1_ER_IRQHandler
    stm32f10x_it.o(.text) refers to canbus.o(.text) for _CAN1_RX0_IRQHandler
    stm32f10x_it.o(.text) refers to netconf.o(.text) for LwIP_Pkt_Handle
    stm32f10x_it.o(.text) refers to stm32_eth.o(.text) for ETH_GetRxPktSize
    system_stm32f10x.o(.text) refers to system_stm32f10x.o(.data) for SystemCoreClock
    realtimedb.o(.text) refers to stm32f10x_flash.o(.text) for FLASH_WaitForLastOperation
    realtimedb.o(.text) refers to stm32f10x_pwr.o(.text) for PWR_BackupAccessCmd
    realtimedb.o(.text) refers to memcpya.o(.text) for __aeabi_memcpy
    realtimedb.o(.text) refers to bsp.o(.text) for Get_ChipSerialNum
    realtimedb.o(.text) refers to realtimedb.o(.bss) for SetCurrent
    realtimedb.o(.text) refers to realtimedb.o(.data) for DevNameStr
    rtc_time.o(.text) refers to localtime_w.o(.text) for localtime
    rtc_time.o(.text) refers to memcpya.o(.text) for __aeabi_memcpy4
    rtc_time.o(.text) refers to mktime.o(.text) for mktime
[...]
    FLASH_GetStatus                          0x080034d7   Thumb Code    50  stm32f10x_flash.o(.text)
    GPIO_DeInit                              0x08003529   Thumb Code   224  stm32f10x_gpio.o(.text)
    GPIO_AFIODeInit                          0x08003609   Thumb Code    20  stm32f10x_gpio.o(.text)
    GPIO_Init                                0x0800361d   Thumb Code   382  stm32f10x_gpio.o(.text)
    GPIO_StructInit                          0x0800379b   Thumb Code    16  stm32f10x_gpio.o(.text)
    GPIO_ReadInputDataBit                    0x080037ab   Thumb Code   170  stm32f10x_gpio.o(.text)
    GPIO_ReadInputData                       0x08003855   Thumb Code    64  stm32f10x_gpio.o(.text)
    GPIO_ReadOutputDataBit                   0x08003895   Thumb Code   252  stm32f10x_gpio.o(.text)
    GPIO_ReadOutputData                      0x08003991   Thumb Code    66  stm32f10x_gpio.o(.text)
    GPIO_SetBits                             0x080039d3   Thumb Code    86  stm32f10x_gpio.o(.text)
    GPIO_ResetBits                           0x08003a29   Thumb Code    86  stm32f10x_gpio.o(.text)
    GPIO_WriteBit                            0x08003a7f   Thumb Code   188  stm32f10x_gpio.o(.text)
    GPIO_Write                               0x08003b3b   Thumb Code    66  stm32f10x_gpio.o(.text)
    GPIO_PinLockConfig                       0x08003b7d   Thumb Code   100  stm32f10x_gpio.o(.text)
    GPIO_EventOutputConfig                   0x08003be1   Thumb Code   138  stm32f10x_gpio.o(.text)
    GPIO_EventOutputCmd                      0x08003c6b   Thumb Code    30  stm32f10x_gpio.o(.text)
    GPIO_PinRemapConfig                      0x08003c89   Thumb Code   540  stm32f10x_gpio.o(.text)
    GPIO_EXTILineConfig                      0x08003ea5   Thumb Code   186  stm32f10x_gpio.o(.text)
    GPIO_ETH_MediaInterfaceConfig            0x08003f5f   Thumb Code    30  stm32f10x_gpio.o(.text)
    I2C_DeInit                               0x08003f8d   Thumb Code    72  stm32f10x_i2c.o(.text)
    I2C_Init                                 0x08003fd5   Thumb Code   386  stm32f10x_i2c.o(.text)
    I2C_StructInit                           0x08004157   Thumb Code    30  stm32f10x_i2c.o(.text)
    I2C_Cmd                                  0x08004175   Thumb Code    72  stm32f10x_i2c.o(.text)
    I2C_DMACmd                               0x080041bd   Thumb Code    72  stm32f10x_i2c.o(.text)
    I2C_DMALastTransferCmd                   0x08004205   Thumb Code    72  stm32f10x_i2c.o(.text)
    I2C_GenerateSTART                        0x0800424d   Thumb Code    72  stm32f10x_i2c.o(.text)
    I2C_GenerateSTOP                         0x08004295   Thumb Code    72  stm32f10x_i2c.o(.text)
    I2C_AcknowledgeConfig                    0x080042dd   Thumb Code    72  stm32f10x_i2c.o(.text)
    I2C_OwnAddress2Config                    0x08004325   Thumb Code    50  stm32f10x_i2c.o(.text)
    I2C_DualAddressCmd                       0x08004357   Thumb Code   150  stm32f10x_i2c.o(.text)
    I2C_GeneralCallCmd                       0x080043ed   Thumb Code    76  stm32f10x_i2c.o(.text)
    I2C_ITConfig                             0x08004439   Thumb Code   100  stm32f10x_i2c.o(.text)
    I2C_SendData                             0x0800449d   Thumb Code    36  stm32f10x_i2c.o(.text)
    I2C_ReceiveData                          0x080044c1   Thumb Code    36  stm32f10x_i2c.o(.text)
    I2C_Send7bitAddress                      0x080044e5   Thumb Code    72  stm32f10x_i2c.o(.text)
    I2C_ReadRegister                         0x0800452d   Thumb Code    90  stm32f10x_i2c.o(.text)
    I2C_SoftwareResetCmd                     0x08004587   Thumb Code    74  stm32f10x_i2c.o(.text)
    I2C_NACKPositionConfig                   0x080045d1   Thumb Code    88  stm32f10x_i2c.o(.text)
    I2C_SMBusAlertConfig                     0x08004629   Thumb Code    88  stm32f10x_i2c.o(.text)
    I2C_TransmitPEC                          0x08004681   Thumb Code    76  stm32f10x_i2c.o(.text)
    I2C_PECPositionConfig                    0x080046cd   Thumb Code    88  stm32f10x_i2c.o(.text)
    I2C_CalculatePEC                         0x08004725   Thumb Code    76  stm32f10x_i2c.o(.text)
    I2C_GetPEC                               0x08004771   Thumb Code    36  stm32f10x_i2c.o(.text)
    I2C_ARPCmd                               0x08004795   Thumb Code    84  stm32f10x_i2c.o(.text)
    I2C_StretchClockCmd                      0x080047e9   Thumb Code    76  stm32f10x_i2c.o(.text)
    I2C_FastModeDutyCycleConfig              0x08004835   Thumb Code    88  stm32f10x_i2c.o(.text)
    I2C_CheckEvent                           0x0800488d   Thumb Code   226  stm32f10x_i2c.o(.text)
    I2C_GetLastEvent                         0x0800496f   Thumb Code    58  stm32f10x_i2c.o(.text)
    I2C_GetFlagStatus                        0x080049a9   Thumb Code   216  stm32f10x_i2c.o(.text)
    I2C_ClearFlag                            0x08004a81   Thumb Code    68  stm32f10x_i2c.o(.text)
    I2C_GetITStatus                          0x08004ac5   Thumb Code   166  stm32f10x_i2c.o(.text)
    I2C_ClearITPendingBit                    0x08004b6b   Thumb Code    68  stm32f10x_i2c.o(.text)
    IWDG_WriteAccessCmd                      0x08004bf1   Thumb Code    30  stm32f10x_iwdg.o(.text)
    IWDG_SetPrescaler                        0x08004c0f   Thumb Code    46  stm32f10x_iwdg.o(.text)
    IWDG_SetReload                           0x08004c3d   Thumb Code    26  stm32f10x_iwdg.o(.text)
    IWDG_ReloadCounter                       0x08004c57   Thumb Code    10  stm32f10x_iwdg.o(.text)
    IWDG_Enable                              0x08004c61   Thumb Code    10  stm32f10x_iwdg.o(.text)
    IWDG_GetFlagStatus                       0x08004c6b   Thumb Code    42  stm32f10x_iwdg.o(.text)
    PWR_DeInit                               0x08004ccd   Thumb Code    22  stm32f10x_pwr.o(.text)
    PWR_BackupAccessCmd                      0x08004ce3   Thumb Code    26  stm32f10x_pwr.o(.text)
    PWR_PVDCmd                               0x08004cfd   Thumb Code    26  stm32f10x_pwr.o(.text)
    PWR_PVDLevelConfig                       0x08004d17   Thumb Code    60  stm32f10x_pwr.o(.text)
    PWR_WakeUpPinCmd                         0x08004d53   Thumb Code    26  stm32f10x_pwr.o(.text)
    PWR_EnterSTOPMode                        0x08004d6d   Thumb Code    98  stm32f10x_pwr.o(.text)
    PWR_EnterSTANDBYMode                     0x08004dcf   Thumb Code    46  stm32f10x_pwr.o(.text)
    PWR_GetFlagStatus                        0x08004dfd   Thumb Code    48  stm32f10x_pwr.o(.text)
    PWR_ClearFlag                            0x08004e2d   Thumb Code    38  stm32f10x_pwr.o(.text)
    RCC_DeInit                               0x08004e99   Thumb Code    78  stm32f10x_rcc.o(.text)
    RCC_HSEConfig                            0x08004ee7   Thumb Code   100  stm32f10x_rcc.o(.text)
    RCC_GetFlagStatus                        0x08004f4b   Thumb Code   126  stm32f10x_rcc.o(.text)
    RCC_WaitForHSEStartUp                    0x08004fc9   Thumb Code    48  stm32f10x_rcc.o(.text)
    RCC_AdjustHSICalibrationValue            0x08004ff9   Thumb Code    38  stm32f10x_rcc.o(.text)
    RCC_HSICmd                               0x0800501f   Thumb Code    28  stm32f10x_rcc.o(.text)
    RCC_PLLConfig                            0x0800503b   Thumb Code   102  stm32f10x_rcc.o(.text)
    RCC_PLLCmd                               0x080050a1   Thumb Code    28  stm32f10x_rcc.o(.text)
    RCC_PREDIV1Config                        0x080050bd   Thumb Code   122  stm32f10x_rcc.o(.text)
    RCC_PREDIV2Config                        0x08005137   Thumb Code    94  stm32f10x_rcc.o(.text)
    RCC_PLL2Config                           0x08005195   Thumb Code    86  stm32f10x_rcc.o(.text)
    RCC_PLL2Cmd                              0x080051eb   Thumb Code    28  stm32f10x_rcc.o(.text)
    RCC_PLL3Config                           0x08005207   Thumb Code    86  stm32f10x_rcc.o(.text)
    RCC_PLL3Cmd                              0x0800525d   Thumb Code   100  stm32f10x_rcc.o(.text)
    RCC_SYSCLKConfig                         0x080052c1   Thumb Code    44  stm32f10x_rcc.o(.text)
    RCC_GetSYSCLKSource                      0x080052ed   Thumb Code    10  stm32f10x_rcc.o(.text)
    RCC_HCLKConfig                           0x080052f7   Thumb Code    68  stm32f10x_rcc.o(.text)
    RCC_PCLK1Config                          0x0800533b   Thumb Code    60  stm32f10x_rcc.o(.text)
    RCC_PCLK2Config                          0x08005377   Thumb Code    62  stm32f10x_rcc.o(.text)
    RCC_ITConfig                             0x080053b5   Thumb Code    78  stm32f10x_rcc.o(.text)
    RCC_OTGFSCLKConfig                       0x08005403   Thumb Code    30  stm32f10x_rcc.o(.text)
    RCC_ADCCLKConfig                         0x08005421   Thumb Code    54  stm32f10x_rcc.o(.text)
    RCC_I2S2CLKConfig                        0x08005457   Thumb Code    30  stm32f10x_rcc.o(.text)
    RCC_I2S3CLKConfig                        0x08005475   Thumb Code    30  stm32f10x_rcc.o(.text)
    RCC_LSEConfig                            0x08005493   Thumb Code    72  stm32f10x_rcc.o(.text)
    RCC_LSICmd                               0x080054db   Thumb Code    30  stm32f10x_rcc.o(.text)
    RCC_RTCCLKConfig                         0x080054f9   Thumb Code    48  stm32f10x_rcc.o(.text)
    RCC_RTCCLKCmd                            0x08005529   Thumb Code    30  stm32f10x_rcc.o(.text)
    RCC_GetClocksFreq                        0x08005547   Thumb Code   422  stm32f10x_rcc.o(.text)
    RCC_AHBPeriphClockCmd                    0x080056ed   Thumb Code    74  stm32f10x_rcc.o(.text)
    RCC_APB2PeriphClockCmd                   0x08005737   Thumb Code    74  stm32f10x_rcc.o(.text)
    RCC_APB1PeriphClockCmd                   0x08005781   Thumb Code    74  stm32f10x_rcc.o(.text)
    RCC_AHBPeriphResetCmd                    0x080057cb   Thumb Code    74  stm32f10x_rcc.o(.text)
    RCC_APB2PeriphResetCmd                   0x08005815   Thumb Code    74  stm32f10x_rcc.o(.text)
    RCC_APB1PeriphResetCmd                   0x0800585f   Thumb Code    74  stm32f10x_rcc.o(.text)
    RCC_BackupResetCmd                       0x080058a9   Thumb Code    30  stm32f10x_rcc.o(.text)
    RCC_ClockSecuritySystemCmd               0x080058c7   Thumb Code    30  stm32f10x_rcc.o(.text)
    RCC_MCOConfig                            0x080058e5   Thumb Code    58  stm32f10x_rcc.o(.text)
    RCC_ClearFlag                            0x0800591f   Thumb Code    14  stm32f10x_rcc.o(.text)
    RCC_GetITStatus                          0x0800592d   Thumb Code    70  stm32f10x_rcc.o(.text)
    RCC_ClearITPendingBit                    0x08005973   Thumb Code    26  stm32f10x_rcc.o(.text)
    RTC_ITConfig                             0x080059a5   Thumb Code    82  stm32f10x_rtc.o(.text)
    RTC_EnterConfigMode                      0x080059f7   Thumb Code    16  stm32f10x_rtc.o(.text)
    RTC_ExitConfigMode                       0x08005a07   Thumb Code    20  stm32f10x_rtc.o(.text)
    RTC_GetCounter                           0x08005a1b   Thumb Code    18  stm32f10x_rtc.o(.text)
    RTC_SetCounter                           0x08005a2d   Thumb Code    26  stm32f10x_rtc.o(.text)
    RTC_SetPrescaler                         0x08005a47   Thumb Code    44  stm32f10x_rtc.o(.text)
    RTC_SetAlarm                             0x08005a73   Thumb Code    26  stm32f10x_rtc.o(.text)
    RTC_GetDivider                           0x08005a8d   Thumb Code    26  stm32f10x_rtc.o(.text)
    RTC_WaitForLastTask                      0x08005aa7   Thumb Code    14  stm32f10x_rtc.o(.text)
    RTC_WaitForSynchro                       0x08005ab5   Thumb Code    32  stm32f10x_rtc.o(.text)
    RTC_GetFlagStatus                        0x08005ad5   Thumb Code    54  stm32f10x_rtc.o(.text)
    RTC_ClearFlag                            0x08005b0b   Thumb Code    48  stm32f10x_rtc.o(.text)
    RTC_GetITStatus                          0x08005b3b   Thumb Code    62  stm32f10x_rtc.o(.text)
    RTC_ClearITPendingBit                    0x08005b79   Thumb Code    48  stm32f10x_rtc.o(.text)
    USART_DeInit                             0x08005bfd   Thumb Code   174  stm32f10x_usart.o(.text)
    USART_Init                               0x08005cab   Thumb Code   450  stm32f10x_usart.o(.text)
    USART_StructInit                         0x08005e6d   Thumb Code    24  stm32f10x_usart.o(.text)
    USART_ClockInit                          0x08005e85   Thumb Code   162  stm32f10x_usart.o(.text)
    USART_ClockStructInit                    0x08005f27   Thumb Code    12  stm32f10x_usart.o(.text)
    USART_Cmd                                0x08005f33   Thumb Code    90  stm32f10x_usart.o(.text)
    USART_ITConfig                           0x08005f8d   Thumb Code   330  stm32f10x_usart.o(.text)
    USART_DMACmd                             0x080060d7   Thumb Code   118  stm32f10x_usart.o(.text)
    USART_SetAddress                         0x0800614d   Thumb Code    86  stm32f10x_usart.o(.text)
    USART_WakeUpConfig                       0x080061a3   Thumb Code    90  stm32f10x_usart.o(.text)
    USART_ReceiverWakeUpCmd                  0x080061fd   Thumb Code    94  stm32f10x_usart.o(.text)
    USART_LINBreakDetectLengthConfig         0x0800625b   Thumb Code    88  stm32f10x_usart.o(.text)
    USART_LINCmd                             0x080062b3   Thumb Code    94  stm32f10x_usart.o(.text)
    USART_SendData                           0x08006311   Thumb Code    78  stm32f10x_usart.o(.text)
    USART_ReceiveData                        0x0800635f   Thumb Code    56  stm32f10x_usart.o(.text)
    USART_SendBreak                          0x08006397   Thumb Code    58  stm32f10x_usart.o(.text)
    USART_SetGuardTime                       0x080063d1   Thumb Code    54  stm32f10x_usart.o(.text)
    USART_SetPrescaler                       0x08006407   Thumb Code    66  stm32f10x_usart.o(.text)
    USART_SmartCardCmd                       0x08006449   Thumb Code   104  stm32f10x_usart.o(.text)
    USART_SmartCardNACKCmd                   0x080064b1   Thumb Code    82  stm32f10x_usart.o(.text)
    USART_HalfDuplexCmd                      0x08006503   Thumb Code    94  stm32f10x_usart.o(.text)
    USART_OverSampling8Cmd                   0x08006561   Thumb Code    92  stm32f10x_usart.o(.text)
    USART_OneBitMethodCmd                    0x080065bd   Thumb Code    94  stm32f10x_usart.o(.text)
    USART_IrDAConfig                         0x0800661b   Thumb Code    88  stm32f10x_usart.o(.text)
    USART_IrDACmd                            0x08006673   Thumb Code    94  stm32f10x_usart.o(.text)
    USART_GetFlagStatus                      0x080066d1   Thumb Code   164  stm32f10x_usart.o(.text)
    USART_ClearFlag                          0x08006775   Thumb Code   122  stm32f10x_usart.o(.text)
    USART_GetITStatus                        0x080067ef   Thumb Code   276  stm32f10x_usart.o(.text)
    USART_ClearITPendingBit                  0x08006903   Thumb Code   156  stm32f10x_usart.o(.text)
    Task_Periodic_Handle                     0x080069b5   Thumb Code   138  main.o(.text)
    main                                     0x08006a3f   Thumb Code   296  main.o(.text)
    assert_failed                            0x08006b67   Thumb Code    30  main.o(.text)
    fputc                                    0x08006b85   Thumb Code    48  main.o(.text)
    NMI_Handler                              0x08006c51   Thumb Code     2  stm32f10x_it.o(.text)
    HardFault_Handler                        0x08006c53   Thumb Code     4  stm32f10x_it.o(.text)
    MemManage_Handler                        0x08006c57   Thumb Code     4  stm32f10x_it.o(.text)
    BusFault_Handler                         0x08006c5b   Thumb Code     4  stm32f10x_it.o(.text)
    UsageFault_Handler                       0x08006c5f   Thumb Code     4  stm32f10x_it.o(.text)
    SVC_Handler                              0x08006c63   Thumb Code     2  stm32f10x_it.o(.text)
    DebugMon_Handler                         0x08006c65   Thumb Code     2  stm32f10x_it.o(.text)
    PendSV_Handler                           0x08006c67   Thumb Code     2  stm32f10x_it.o(.text)
    SysTick_Handler                          0x08006c69   Thumb Code    12  stm32f10x_it.o(.text)
    I2C1_ER_IRQHandler                       0x08006c75   Thumb Code     8  stm32f10x_it.o(.text)
    I2C1_EV_IRQHandler                       0x08006c7d   Thumb Code     8  stm32f10x_it.o(.text)
    CAN1_RX0_IRQHandler                      0x08006c85   Thumb Code     8  stm32f10x_it.o(.text)
    CAN2_RX0_IRQHandler                      0x08006c8d   Thumb Code     8  stm32f10x_it.o(.text)
    USART1_IRQHandler                        0x08006c95   Thumb Code     8  stm32f10x_it.o(.text)
    ETH_IRQHandler                           0x08006c9d   Thumb Code    32  stm32f10x_it.o(.text)
    SystemInit                               0x08006db5   Thumb Code    92  system_stm32f10x.o(.text)
    SystemCoreClockUpdate                    0x08006e11   Thumb Code   232  system_stm32f10x.o(.text)
    MALLSTORAGE_Write                        0x08006f29   Thumb Code   102  realtimedb.o(.text)
    DataBase_Write                           0x08006f8f   Thumb Code    96  realtimedb.o(.text)
    DataBase_read                            0x08006fef   Thumb Code    30  realtimedb.o(.text)
    DataBase_Init                            0x0800700d   Thumb Code   204  realtimedb.o(.text)
    Time_ConvUnixToCalendar                  0x080070e9   Thumb Code    32  rtc_time.o(.text)
    Time_ConvCalendarToUnix                  0x08007109   Thumb Code    30  rtc_time.o(.text)
    Time_GetUnixTime                         0x08007127   Thumb Code     8  rtc_time.o(.text)
    Time_GetCalendarTime                     0x0800712f   Thumb Code    34  rtc_time.o(.text)
    Time_SetUnixTime                         0x08007151   Thumb Code    20  rtc_time.o(.text)
    Time_SetCalendarTime                     0x08007165   Thumb Code    38  rtc_time.o(.text)
    Get_Msec                                 0x0800718b   Thumb Code    34  rtc_time.o(.text)
    Pad_process_rx_data                      0x080071ad   Thumb Code   814  pad_client.o(.text)
    verstime                                 0x08007681   Thumb Code    30  pad_client.o(.text)
    introduction                             0x0800769f   Thumb Code    96  pad_client.o(.text)
    Pad_tcp_client_connected                 0x0800770f   Thumb Code    10  pad_client.o(.text)
    Pad_udp_client_callback                  0x08007719   Thumb Code   164  pad_client.o(.text)
    Pad_client_init                          0x080077bd   Thumb Code    34  pad_client.o(.text)
    Pad_soe_trig                             0x080077df   Thumb Code    76  pad_client.o(.text)
    Soe_tirg                                 0x08007899   Thumb Code    50  soe.o(.text)
    Soe_enqueue                              0x080078cb   Thumb Code   136  soe.o(.text)
    soe_engine                               0x08007953   Thumb Code    44  soe.o(.text)
    error_enqueue                            0x0800797f   Thumb Code   102  soe.o(.text)
    error_engine                             0x080079e5   Thumb Code    92  soe.o(.text)
    netstat                                  0x08007a99   Thumb Code   186  com_manager.o(.text)
    pt103_tcp_write                          0x08007bc9   Thumb Code    54  lwp103client.o(.text)
    lw103_process_rx_data                    0x08007bff   Thumb Code    94  lwp103client.o(.text)
    lw103_tcp_client_connected               0x08007d5b   Thumb Code    24  lwp103client.o(.text)
    sub_udp_timesync                         0x08007d73   Thumb Code   106  lwp103client.o(.text)
    udp_timesync                             0x08007ddd   Thumb Code   134  lwp103client.o(.text)
    lw103_udp_client_callback                0x08007e63   Thumb Code   198  lwp103client.o(.text)
    lw103_client_init                        0x08007f29   Thumb Code    34  lwp103client.o(.text)
    P103_soe_trig                            0x08007f4b   Thumb Code   526  lwp103client.o(.text)
    UPDATA_ASDU10                            0x08008159   Thumb Code  1124  lwp103client.o(.text)
    Task_Pt103                               0x080085bd   Thumb Code    40  lwp103client.o(.text)
    ANSWER_ASDU20                            0x08008601   Thumb Code   150  103com_func.o(.text)
    ANSWER_ASDU21                            0x08008697   Thumb Code    64  103com_func.o(.text)
    ANSWER_ASDU7                             0x080086d7   Thumb Code   146  103com_func.o(.text)
    ANSWER_ASDU10                            0x08008769   Thumb Code   276  103com_func.o(.text)
    RCC_Configuration                        0x08008885   Thumb Code    48  bsp.o(.text)
    GPIO_Configuration                       0x080088b5   Thumb Code   144  bsp.o(.text)
    NVIC_Configuration                       0x08008945   Thumb Code   104  bsp.o(.text)
    COM1_Configuration                       0x080089ad   Thumb Code    90  bsp.o(.text)
    COM2_Configuration                       0x08008a07   Thumb Code    94  bsp.o(.text)
    I2C_Configuration                        0x08008a65   Thumb Code   160  bsp.o(.text)
    RTC_Configuration                        0x08008b05   Thumb Code   102  bsp.o(.text)
    Ethernet_Configuration                   0x08008b6b   Thumb Code   416  bsp.o(.text)
    CAN_Configuration                        0x08008d0b   Thumb Code   284  bsp.o(.text)
    TEMPMEA_Confitguration                   0x08008e27   Thumb Code   220  bsp.o(.text)
    IWDG_Configuration                       0x08008f03   Thumb Code    34  bsp.o(.text)
    Time_Update                              0x08008f25   Thumb Code    12  bsp.o(.text)
    SysTick_Configuration                    0x08008f31   Thumb Code    88  bsp.o(.text)
    Delay                                    0x08008f89   Thumb Code    26  bsp.o(.text)
    GPIO_DealInputData                       0x08008fa3   Thumb Code   162  bsp.o(.text)
    Di_PostWork                              0x08009045   Thumb Code   248  bsp.o(.text)
    DiScanning                               0x0800913d   Thumb Code   174  bsp.o(.text)
    EthStateCheck                            0x080091eb   Thumb Code    48  bsp.o(.text)
    fgetc                                    0x0800921b   Thumb Code    26  bsp.o(.text)
    WDGFeeding                               0x08009235   Thumb Code     8  bsp.o(.text)
    I2CHW_Reset                              0x0800923d   Thumb Code    94  bsp.o(.text)
    Get_ChipSerialNum                        0x0800929b   Thumb Code    40  bsp.o(.text)
    Filter_Soft                              0x080092c3   Thumb Code   138  bsp.o(.text)
    GetTemperature                           0x0800934d   Thumb Code   208  bsp.o(.text)
    simpledelay                              0x0800941d   Thumb Code    12  bsp.o(.text)
    _USART1_IRQHandler                       0x08009429   Thumb Code    72  bsp.o(.text)
    checksum16                               0x080094c5   Thumb Code    34  basebus_protocol.o(.text)
    DoSelect                                 0x080094e7   Thumb Code    30  basebus_protocol.o(.text)
    BinSemPost                               0x08009505   Thumb Code     4  basebus_protocol.o(.text)
    BinSemPend                               0x08009509   Thumb Code    26  basebus_protocol.o(.text)
    DoExecute                                0x08009523   Thumb Code    68  basebus_protocol.o(.text)
    Calibration                              0x08009567   Thumb Code    80  basebus_protocol.o(.text)
    Time_Calib                               0x080095b7   Thumb Code    78  basebus_protocol.o(.text)
    AiQuerry                                 0x08009605   Thumb Code    80  basebus_protocol.o(.text)
    AiCoefSet                                0x08009655   Thumb Code    86  basebus_protocol.o(.text)
    AiProcess                                0x080096ab   Thumb Code    16  basebus_protocol.o(.text)
    Deal_I2CComming                          0x080096bb   Thumb Code    88  basebus_protocol.o(.text)
    I2CHW_Maintain                           0x08009713   Thumb Code   108  basebus_protocol.o(.text)
    LwIP_Init                                0x080097a1   Thumb Code   108  netconf.o(.text)
    LwIP_Pkt_Handle                          0x0800980d   Thumb Code    10  netconf.o(.text)
    LwIP_Periodic_Handle                     0x08009817   Thumb Code    46  netconf.o(.text)
    TestProcess                              0x08009869   Thumb Code    14  canbus.o(.text)
    ComAiProcess                             0x08009877   Thumb Code     2  canbus.o(.text)
    ComDiProcess                             0x08009879   Thumb Code     2  canbus.o(.text)
    TiProcess                                0x0800987b   Thumb Code    34  canbus.o(.text)
    CanTextPreceive                          0x0800989d   Thumb Code   110  canbus.o(.text)
    _CAN1_RX0_IRQHandler                     0x0800990b   Thumb Code    98  canbus.o(.text)
    _CAN2_RX0_IRQHandler                     0x0800996d   Thumb Code    64  canbus.o(.text)
    TestTransmit                             0x080099ad   Thumb Code    42  canbus.o(.text)
    Convert_mV2mA                            0x080099d7   Thumb Code    46  canbus.o(.text)
    CAN_GetLastErrorCode                     0x08009a05   Thumb Code    38  canbus.o(.text)
    Can_Ticalib                              0x08009a2b   Thumb Code    98  canbus.o(.text)
    ShellCmdCmp                              0x08009ae9   Thumb Code    28  shellcmd.o(.text)
    ShellCmdMatch                            0x08009b05   Thumb Code   366  shellcmd.o(.text)
    CmdPwdAsserted                           0x08009c73   Thumb Code   186  shellcmd.o(.text)
    ShellPwdMatch                            0x08009d2d   Thumb Code    64  shellcmd.o(.text)
    CmdSetting                               0x08009d6d   Thumb Code   974  shellcmd.o(.text)
    ShellEtrData                             0x0800a13b   Thumb Code    92  shellcmd.o(.text)
    ShellEtrStr                              0x0800a197   Thumb Code    78  shellcmd.o(.text)
    ShellEtrAddr                             0x0800a1e5   Thumb Code    88  shellcmd.o(.text)
    ShellEtrDate                             0x0800a23d   Thumb Code   194  shellcmd.o(.text)
    ShellEtrPara                             0x0800a2ff   Thumb Code   282  shellcmd.o(.text)
    CmdShowData                              0x0800a419   Thumb Code  2148  shellcmd.o(.text)
    CmdQNA                                   0x0800ac7d   Thumb Code   120  shellcmd.o(.text)
    CmdRestart                               0x0800acf5   Thumb Code    38  shellcmd.o(.text)
    CmdnShellInit                            0x0800ad1b   Thumb Code    18  shellcmd.o(.text)
    udp_time_tick_callback                   0x0800af5f   Thumb Code   250  tcp_modbus.o(.text)
    TcpModbus_init                           0x0800b059   Thumb Code    72  tcp_modbus.o(.text)
    main_TcpModbus_init                      0x0800b0a1   Thumb Code    12  tcp_modbus.o(.text)
    CRC16                                    0x0800b0f9   Thumb Code    48  modbus.o(.text)
    Modbus_Meas_Prescale                     0x0800b13b   Thumb Code    50  modbus.o(.text)
    process_rx_data                          0x0800b16d   Thumb Code   572  modbus.o(.text)
    I2CDMA_Set                               0x0800b3c1   Thumb Code    84  i2croutines.o(.text)
    I2C_Master_BufferRead                    0x0800b415   Thumb Code   356  i2croutines.o(.text)
    I2C_Master_BufferWrite                   0x0800b579   Thumb Code   254  i2croutines.o(.text)
    _I2C1_EV_IRQHandler                      0x0800b677   Thumb Code   564  i2croutines.o(.text)
    _I2C1_ER_IRQHandler                      0x0800b8ab   Thumb Code   136  i2croutines.o(.text)
    ETH_DeInit                               0x0800b955   Thumb Code    22  stm32_eth.o(.text)
    ETH_WritePHYRegister                     0x0800b979   Thumb Code   132  stm32_eth.o(.text)
    ETH_ReadPHYRegister                      0x0800b9fd   Thumb Code   130  stm32_eth.o(.text)
    ETH_Init                                 0x0800ba7f   Thumb Code  2054  stm32_eth.o(.text)
    ETH_StructInit                           0x0800c285   Thumb Code   164  stm32_eth.o(.text)
    ETH_DMAReceptionCmd                      0x0800c329   Thumb Code    54  stm32_eth.o(.text)
    ETH_DMATransmissionCmd                   0x0800c35f   Thumb Code    54  stm32_eth.o(.text)
    ETH_MACReceptionCmd                      0x0800c395   Thumb Code   112  stm32_eth.o(.text)
    ETH_FlushTransmitFIFO                    0x0800c405   Thumb Code    14  stm32_eth.o(.text)
    ETH_MACTransmissionCmd                   0x0800c413   Thumb Code    54  stm32_eth.o(.text)
    ETH_Start                                0x0800c449   Thumb Code    32  stm32_eth.o(.text)
    ETH_HandleTxPkt                          0x0800c469   Thumb Code   176  stm32_eth.o(.text)
    ETH_HandleRxPkt                          0x0800c519   Thumb Code   196  stm32_eth.o(.text)
    ETH_GetDMARxDescFrameLength              0x0800c5dd   Thumb Code    10  stm32_eth.o(.text)
    ETH_GetRxPktSize                         0x0800c5e7   Thumb Code    66  stm32_eth.o(.text)
    ETH_DropRxPkt                            0x0800c629   Thumb Code    78  stm32_eth.o(.text)
    ETH_PHYLoopBackCmd                       0x0800c677   Thumb Code    90  stm32_eth.o(.text)
    ETH_GetFlowControlBusyStatus             0x0800c6d1   Thumb Code    20  stm32_eth.o(.text)
    ETH_InitiatePauseControlFrame            0x0800c6e5   Thumb Code    14  stm32_eth.o(.text)
    ETH_BackPressureActivationCmd            0x0800c6f3   Thumb Code    54  stm32_eth.o(.text)
    ETH_GetMACFlagStatus                     0x0800c729   Thumb Code    60  stm32_eth.o(.text)
    ETH_GetMACITStatus                       0x0800c765   Thumb Code    60  stm32_eth.o(.text)
    ETH_MACITConfig                          0x0800c7a1   Thumb Code    92  stm32_eth.o(.text)
    ETH_MACAddressConfig                     0x0800c7fd   Thumb Code    78  stm32_eth.o(.text)
    ETH_GetMACAddress                        0x0800c84b   Thumb Code    68  stm32_eth.o(.text)
    ETH_MACAddressPerfectFilterCmd           0x0800c88f   Thumb Code    90  stm32_eth.o(.text)
    ETH_MACAddressFilterConfig               0x0800c8e9   Thumb Code    92  stm32_eth.o(.text)
    ETH_MACAddressMaskBytesFilterConfig      0x0800c945   Thumb Code   114  stm32_eth.o(.text)
    ETH_DMATxDescChainInit                   0x0800c9b7   Thumb Code    70  stm32_eth.o(.text)
    ETH_DMATxDescRingInit                    0x0800c9fd   Thumb Code    72  stm32_eth.o(.text)
    ETH_GetDMATxDescFlagStatus               0x0800ca45   Thumb Code   172  stm32_eth.o(.text)
    ETH_GetDMATxDescCollisionCount           0x0800caf1   Thumb Code    10  stm32_eth.o(.text)
    ETH_SetDMATxDescOwnBit                   0x0800cafb   Thumb Code    10  stm32_eth.o(.text)
    ETH_DMATxDescTransmitITConfig            0x0800cb05   Thumb Code    48  stm32_eth.o(.text)
    ETH_DMATxDescFrameSegmentConfig          0x0800cb35   Thumb Code    40  stm32_eth.o(.text)
    ETH_DMATxDescChecksumInsertionConfig     0x0800cb5d   Thumb Code    48  stm32_eth.o(.text)
    ETH_DMATxDescCRCCmd                      0x0800cb8d   Thumb Code    48  stm32_eth.o(.text)
    ETH_DMATxDescEndOfRingCmd                0x0800cbbd   Thumb Code    48  stm32_eth.o(.text)
    ETH_DMATxDescSecondAddressChainedCmd     0x0800cbed   Thumb Code    62  stm32_eth.o(.text)
    ETH_DMATxDescShortFramePaddingCmd        0x0800cc2b   Thumb Code    48  stm32_eth.o(.text)
    ETH_DMATxDescTimeStampCmd                0x0800cc5b   Thumb Code    48  stm32_eth.o(.text)
    ETH_DMATxDescBufferSizeConfig            0x0800cc8b   Thumb Code    60  stm32_eth.o(.text)
    ETH_DMARxDescChainInit                   0x0800ccc7   Thumb Code    76  stm32_eth.o(.text)
    ETH_DMARxDescRingInit                    0x0800cd13   Thumb Code    86  stm32_eth.o(.text)
    ETH_GetDMARxDescFlagStatus               0x0800cd69   Thumb Code   128  stm32_eth.o(.text)
    ETH_SetDMARxDescOwnBit                   0x0800cde9   Thumb Code    10  stm32_eth.o(.text)
    ETH_DMARxDescReceiveITConfig             0x0800cdf3   Thumb Code    46  stm32_eth.o(.text)
    ETH_DMARxDescEndOfRingCmd                0x0800ce21   Thumb Code    46  stm32_eth.o(.text)
    ETH_DMARxDescSecondAddressChainedCmd     0x0800ce4f   Thumb Code    46  stm32_eth.o(.text)
    ETH_GetDMARxDescBufferSize               0x0800ce7d   Thumb Code    42  stm32_eth.o(.text)
    ETH_SoftwareReset                        0x0800cea7   Thumb Code    14  stm32_eth.o(.text)
    ETH_GetSoftwareResetStatus               0x0800ceb5   Thumb Code    20  stm32_eth.o(.text)
    ETH_GetDMAFlagStatus                     0x0800cec9   Thumb Code   128  stm32_eth.o(.text)
    ETH_DMAClearFlag                         0x0800cf49   Thumb Code    30  stm32_eth.o(.text)
    ETH_GetDMAITStatus                       0x0800cf67   Thumb Code   128  stm32_eth.o(.text)
    ETH_DMAClearITPendingBit                 0x0800cfe7   Thumb Code    30  stm32_eth.o(.text)
    ETH_GetTransmitProcessState              0x0800d005   Thumb Code    10  stm32_eth.o(.text)
    ETH_GetReceiveProcessState               0x0800d00f   Thumb Code    10  stm32_eth.o(.text)
    ETH_GetFlushTransmitFIFOStatus           0x0800d019   Thumb Code    20  stm32_eth.o(.text)
    ETH_DMAITConfig                          0x0800d02d   Thumb Code    70  stm32_eth.o(.text)
    ETH_GetDMAOverflowStatus                 0x0800d073   Thumb Code    48  stm32_eth.o(.text)
    ETH_GetRxOverflowMissedFrameCounter      0x0800d0a3   Thumb Code    26  stm32_eth.o(.text)
    ETH_GetBufferUnavailableMissedFrameCounter 0x0800d0bd   Thumb Code     8  stm32_eth.o(.text)
    ETH_GetCurrentTxDescStartAddress         0x0800d0c5   Thumb Code     6  stm32_eth.o(.text)
    ETH_GetCurrentRxDescStartAddress         0x0800d0cb   Thumb Code     6  stm32_eth.o(.text)
    ETH_GetCurrentTxBufferAddress            0x0800d0d1   Thumb Code     6  stm32_eth.o(.text)
    ETH_GetCurrentRxBufferAddress            0x0800d0d7   Thumb Code     6  stm32_eth.o(.text)
    ETH_ResumeDMATransmission                0x0800d0dd   Thumb Code     8  stm32_eth.o(.text)
    ETH_ResumeDMAReception                   0x0800d0e5   Thumb Code     8  stm32_eth.o(.text)
    ETH_ResetWakeUpFrameFilterRegisterPointer 0x0800d0ed   Thumb Code    14  stm32_eth.o(.text)
    ETH_SetWakeUpFrameFilterRegister         0x0800d0fb   Thumb Code    24  stm32_eth.o(.text)
    ETH_GlobalUnicastWakeUpCmd               0x0800d113   Thumb Code    52  stm32_eth.o(.text)
    ETH_GetPMTFlagStatus                     0x0800d147   Thumb Code    44  stm32_eth.o(.text)
    ETH_WakeUpFrameDetectionCmd              0x0800d173   Thumb Code    52  stm32_eth.o(.text)
    ETH_MagicPacketDetectionCmd              0x0800d1a7   Thumb Code    52  stm32_eth.o(.text)
    ETH_PowerDownCmd                         0x0800d1db   Thumb Code    52  stm32_eth.o(.text)
    ETH_MMCCounterFreezeCmd                  0x0800d20f   Thumb Code    56  stm32_eth.o(.text)
    ETH_MMCResetOnReadCmd                    0x0800d247   Thumb Code    56  stm32_eth.o(.text)
    ETH_MMCCounterRolloverCmd                0x0800d27f   Thumb Code    56  stm32_eth.o(.text)
    ETH_MMCCountersReset                     0x0800d2b7   Thumb Code    16  stm32_eth.o(.text)
    ETH_MMCITConfig                          0x0800d2c7   Thumb Code   128  stm32_eth.o(.text)
    ETH_GetMMCITStatus                       0x0800d347   Thumb Code   110  stm32_eth.o(.text)
    ETH_GetMMCRegister                       0x0800d3b5   Thumb Code    88  stm32_eth.o(.text)
    ETH_EnablePTPTimeStampAddend             0x0800d40d   Thumb Code    16  stm32_eth.o(.text)
    ETH_EnablePTPTimeStampInterruptTrigger   0x0800d41d   Thumb Code    16  stm32_eth.o(.text)
    ETH_EnablePTPTimeStampUpdate             0x0800d42d   Thumb Code    16  stm32_eth.o(.text)
    ETH_InitializePTPTimeStamp               0x0800d43d   Thumb Code    16  stm32_eth.o(.text)
    ETH_PTPUpdateMethodConfig                0x0800d44d   Thumb Code    56  stm32_eth.o(.text)
    ETH_PTPTimeStampCmd                      0x0800d485   Thumb Code   100  stm32_eth.o(.text)
    ETH_GetPTPFlagStatus                     0x0800d4e9   Thumb Code    52  stm32_eth.o(.text)
    ETH_SetPTPSubSecondIncrement             0x0800d51d   Thumb Code    26  stm32_eth.o(.text)
    ETH_SetPTPTimeStampUpdate                0x0800d537   Thumb Code    62  stm32_eth.o(.text)
    ETH_SetPTPTimeStampAddend                0x0800d575   Thumb Code     6  stm32_eth.o(.text)
    ETH_SetPTPTargetTime                     0x0800d57b   Thumb Code    12  stm32_eth.o(.text)
    ETH_GetPTPRegister                       0x0800d587   Thumb Code    72  stm32_eth.o(.text)
    ETH_DMAPTPTxDescChainInit                0x0800d5cf   Thumb Code    98  stm32_eth.o(.text)
    ETH_DMAPTPRxDescChainInit                0x0800d631   Thumb Code   104  stm32_eth.o(.text)
    ETH_HandlePTPTxPkt                       0x0800d699   Thumb Code   302  stm32_eth.o(.text)
    ETH_HandlePTPRxPkt                       0x0800d7c7   Thumb Code   302  stm32_eth.o(.text)
    etharp_tmr                               0x0800d935   Thumb Code   154  etharp.o(.text)
    etharp_find_addr                         0x0800dd0b   Thumb Code    90  etharp.o(.text)
    etharp_ip_input                          0x0800dd65   Thumb Code    58  etharp.o(.text)
    etharp_arp_input                         0x0800dd9f   Thumb Code   308  etharp.o(.text)
    etharp_request                           0x0800dfa1   Thumb Code    36  etharp.o(.text)
    etharp_query                             0x0800dfc5   Thumb Code   436  etharp.o(.text)
    etharp_output                            0x0800e179   Thumb Code   190  etharp.o(.text)
    ethernet_input                           0x0800e237   Thumb Code   108  etharp.o(.text)
    mem_init                                 0x0800e359   Thumb Code    80  mem.o(.text)
    mem_free                                 0x0800e3a9   Thumb Code   106  mem.o(.text)
    mem_realloc                              0x0800e413   Thumb Code   316  mem.o(.text)
    mem_malloc                               0x0800e54f   Thumb Code   292  mem.o(.text)
    mem_calloc                               0x0800e673   Thumb Code    54  mem.o(.text)
    memp_init                                0x0800e6a9   Thumb Code    82  memp.o(.text)
    memp_malloc                              0x0800e6fb   Thumb Code    54  memp.o(.text)
    memp_free                                0x0800e731   Thumb Code    38  memp.o(.text)
    netif_set_gw                             0x0800e769   Thumb Code    12  netif.o(.text)
    netif_set_netmask                        0x0800e775   Thumb Code    12  netif.o(.text)
    netif_set_ipaddr                         0x0800e781   Thumb Code   110  netif.o(.text)
    netif_set_addr                           0x0800e7ef   Thumb Code    40  netif.o(.text)
    netif_add                                0x0800e817   Thumb Code    96  netif.o(.text)
    netif_set_default                        0x0800e877   Thumb Code     6  netif.o(.text)
    netif_remove                             0x0800e87d   Thumb Code    74  netif.o(.text)
    netif_find                               0x0800e8c7   Thumb Code    64  netif.o(.text)
    netif_set_up                             0x0800e907   Thumb Code    44  netif.o(.text)
    netif_set_down                           0x0800e933   Thumb Code    24  netif.o(.text)
    netif_is_up                              0x0800e94b   Thumb Code    12  netif.o(.text)
    pbuf_free                                0x0800e96d   Thumb Code   152  pbuf.o(.text)
    pbuf_alloc                               0x0800ea05   Thumb Code   542  pbuf.o(.text)
    pbuf_realloc                             0x0800ec23   Thumb Code   176  pbuf.o(.text)
    pbuf_header                              0x0800ecd3   Thumb Code   140  pbuf.o(.text)
    pbuf_clen                                0x0800ed5f   Thumb Code    18  pbuf.o(.text)
    pbuf_ref                                 0x0800ed71   Thumb Code    10  pbuf.o(.text)
    pbuf_cat                                 0x0800ed7b   Thumb Code    80  pbuf.o(.text)
    pbuf_chain                               0x0800edcb   Thumb Code    22  pbuf.o(.text)
    pbuf_dechain                             0x0800ede1   Thumb Code    84  pbuf.o(.text)
    pbuf_copy                                0x0800ee35   Thumb Code   220  pbuf.o(.text)
    pbuf_copy_partial                        0x0800ef11   Thumb Code   154  pbuf.o(.text)
    pbuf_take                                0x0800efab   Thumb Code   138  pbuf.o(.text)
    pbuf_coalesce                            0x0800f035   Thumb Code    66  pbuf.o(.text)
    raw_input                                0x0800f079   Thumb Code   100  raw.o(.text)
    raw_bind                                 0x0800f0dd   Thumb Code    16  raw.o(.text)
    raw_connect                              0x0800f0ed   Thumb Code    16  raw.o(.text)
    raw_recv                                 0x0800f0fd   Thumb Code     6  raw.o(.text)
    raw_sendto                               0x0800f103   Thumb Code   156  raw.o(.text)
    raw_send                                 0x0800f19f   Thumb Code    18  raw.o(.text)
    raw_remove                               0x0800f1b1   Thumb Code    60  raw.o(.text)
    raw_new                                  0x0800f1ed   Thumb Code    42  raw.o(.text)
    tcp_seg_free                             0x0800f21d   Thumb Code    32  tcp.o(.text)
    tcp_segs_free                            0x0800f23d   Thumb Code    30  tcp.o(.text)
    tcp_pcb_purge                            0x0800f25b   Thumb Code    54  tcp.o(.text)
    tcp_pcb_remove                           0x0800f291   Thumb Code   170  tcp.o(.text)
    tcp_abandon                              0x0800f33b   Thumb Code   146  tcp.o(.text)
    tcp_slowtmr                              0x0800f3cd   Thumb Code   802  tcp.o(.text)
    tcp_fasttmr                              0x0800f6ef   Thumb Code   112  tcp.o(.text)
    tcp_tmr                                  0x0800f75f   Thumb Code    30  tcp.o(.text)
    tcp_close                                0x0800f77d   Thumb Code   242  tcp.o(.text)
    tcp_bind                                 0x0800f8d7   Thumb Code   232  tcp.o(.text)
    tcp_listen_with_backlog                  0x0800f9c7   Thumb Code   204  tcp.o(.text)
    tcp_update_rcv_ann_wnd                   0x0800fa93   Thumb Code    90  tcp.o(.text)
    tcp_recved                               0x0800faed   Thumb Code    86  tcp.o(.text)
    tcp_eff_send_mss                         0x0800fb43   Thumb Code    46  tcp.o(.text)
    tcp_next_iss                             0x0800fb71   Thumb Code    20  tcp.o(.text)
    tcp_connect                              0x0800fb85   Thumb Code   274  tcp.o(.text)
    tcp_setprio                              0x0800fc97   Thumb Code     4  tcp.o(.text)
    tcp_alloc                                0x0800fd45   Thumb Code   188  tcp.o(.text)
    tcp_new                                  0x0800fe01   Thumb Code    10  tcp.o(.text)
    tcp_arg                                  0x0800fe0b   Thumb Code     4  tcp.o(.text)
    tcp_recv                                 0x0800fe0f   Thumb Code     6  tcp.o(.text)
    tcp_sent                                 0x0800fe15   Thumb Code     6  tcp.o(.text)
    tcp_err                                  0x0800fe1b   Thumb Code     6  tcp.o(.text)
    tcp_accept                               0x0800fe21   Thumb Code     4  tcp.o(.text)
    tcp_poll                                 0x0800fe25   Thumb Code    10  tcp.o(.text)
    tcp_input                                0x08010cf5   Thumb Code  1150  tcp_in.o(.text)
    tcp_enqueue                              0x0801122d   Thumb Code  1068  tcp_out.o(.text)
    tcp_send_ctrl                            0x08011659   Thumb Code    28  tcp_out.o(.text)
    tcp_write                                0x08011675   Thumb Code    70  tcp_out.o(.text)
    tcp_output                               0x08011779   Thumb Code   608  tcp_out.o(.text)
    tcp_rst                                  0x080119d9   Thumb Code   178  tcp_out.o(.text)
    tcp_rexmit_rto                           0x08011a8b   Thumb Code    58  tcp_out.o(.text)
    tcp_rexmit                               0x08011ac5   Thumb Code   100  tcp_out.o(.text)
    tcp_keepalive                            0x08011b29   Thumb Code    92  tcp_out.o(.text)
    tcp_zero_window_probe                    0x08011b85   Thumb Code   102  tcp_out.o(.text)
    udp_input                                0x08011bed   Thumb Code   408  udp.o(.text)
    udp_bind                                 0x08011d85   Thumb Code   112  udp.o(.text)
    udp_sendto_if                            0x08011df5   Thumb Code   212  udp.o(.text)
    udp_sendto                               0x08011ec9   Thumb Code    46  udp.o(.text)
    udp_send                                 0x08011ef7   Thumb Code    20  udp.o(.text)
    udp_connect                              0x08011f0b   Thumb Code    94  udp.o(.text)
    udp_disconnect                           0x08011f69   Thumb Code    28  udp.o(.text)
    udp_recv                                 0x08011f85   Thumb Code     6  udp.o(.text)
    udp_remove                               0x08011f8b   Thumb Code    60  udp.o(.text)
    udp_new                                  0x08011fc7   Thumb Code    28  udp.o(.text)
    icmp_input                               0x08011fed   Thumb Code   404  icmp.o(.text)
    icmp_dest_unreach                        0x080121f9   Thumb Code    18  icmp.o(.text)
    icmp_time_exceeded                       0x0801220b   Thumb Code    18  icmp.o(.text)
    htonl                                    0x0801221d   Thumb Code    26  inet.o(.text)
    inet_aton                                0x08012237   Thumb Code   336  inet.o(.text)
    inet_addr                                0x08012387   Thumb Code    24  inet.o(.text)
    inet_ntoa                                0x0801239f   Thumb Code   112  inet.o(.text)
    htons                                    0x0801240f   Thumb Code    12  inet.o(.text)
    ntohs                                    0x0801241b   Thumb Code    12  inet.o(.text)
    ntohl                                    0x08012427   Thumb Code    12  inet.o(.text)
    inet_chksum_pseudo                       0x08012483   Thumb Code   162  inet_chksum.o(.text)
    inet_chksum                              0x08012525   Thumb Code    20  inet_chksum.o(.text)
    inet_chksum_pbuf                         0x08012539   Thumb Code    86  inet_chksum.o(.text)
    ip_current_netif                         0x08012591   Thumb Code     6  ip.o(.text)
    ip_current_header                        0x08012597   Thumb Code     6  ip.o(.text)
    ip_route                                 0x0801259d   Thumb Code    70  ip.o(.text)
    ip_input                                 0x080125e3   Thumb Code   394  ip.o(.text)
    ip_output_if                             0x0801276d   Thumb Code   256  ip.o(.text)
    ip_output                                0x0801286d   Thumb Code    52  ip.o(.text)
    ip_addr_isbroadcast                      0x080128b5   Thumb Code    78  ip_addr.o(.text)
    ip_reass_tmr                             0x080129d9   Thumb Code    48  ip_frag.o(.text)
    ip_reass                                 0x08012c67   Thumb Code   402  ip_frag.o(.text)
    ip_frag                                  0x08012df9   Thumb Code   326  ip_frag.o(.text)
    HelloWorld_init                          0x0801321b   Thumb Code    40  helloworld.o(.text)
    Uart_Write                               0x08013243   Thumb Code    70  helloworld.o(.text)
    UartProcess                              0x08013289   Thumb Code   262  helloworld.o(.text)
    telprintf                                0x0801338f   Thumb Code   130  helloworld.o(.text)
    Term_soe_trig                            0x08013411   Thumb Code    72  helloworld.o(.text)
    Set_MAC_Address                          0x0801349d   Thumb Code    40  ethernetif.o(.text)
    ETH_TxPkt_ChainMode                      0x08013553   Thumb Code    94  ethernetif.o(.text)
    ETH_GetCurrentTxBuffer                   0x080135b1   Thumb Code     8  ethernetif.o(.text)
    ETH_RxPkt_ChainMode                      0x080135ed   Thumb Code   148  ethernetif.o(.text)
    ethernetif_input                         0x080136e3   Thumb Code    44  ethernetif.o(.text)
    ethernetif_init                          0x0801370f   Thumb Code    68  ethernetif.o(.text)
    mktime                                   0x0801377d   Thumb Code   142  mktime.o(.text)
    __aeabi_memcpy                           0x0801381d   Thumb Code    36  memcpya.o(.text)
    __aeabi_memcpy4                          0x0801381d   Thumb Code     0  memcpya.o(.text)
    __aeabi_memcpy8                          0x0801381d   Thumb Code     0  memcpya.o(.text)
    __aeabi_memset                           0x08013841   Thumb Code    14  memseta.o(.text)
    __aeabi_memset4                          0x08013841   Thumb Code     0  memseta.o(.text)
    __aeabi_memset8                          0x08013841   Thumb Code     0  memseta.o(.text)
    __aeabi_memclr                           0x0801384f   Thumb Code     4  memseta.o(.text)
    __aeabi_memclr4                          0x0801384f   Thumb Code     0  memseta.o(.text)
    __aeabi_memclr8                          0x0801384f   Thumb Code     0  memseta.o(.text)
    _memset$wrapper                          0x08013853   Thumb Code    20  memseta.o(.text)
    strlen                                   0x08013867   Thumb Code    16  strlen.o(.text)
    strncmp                                  0x08013877   Thumb Code    30  strncmp.o(.text)
    strpbrk                                  0x08013895   Thumb Code    32  strpbrk.o(.text)
    calloc                                   0x080138b5   Thumb Code    28  calloc.o(.text)
    atoi                                     0x080138d1   Thumb Code    26  atoi.o(.text)
    __aeabi_fmul                             0x080138eb   Thumb Code   108  fmul.o(.text)
    __aeabi_fdiv                             0x08013957   Thumb Code   128  fdiv.o(.text)
    __aeabi_dadd                             0x080139d7   Thumb Code   318  dadd.o(.text)
    __aeabi_dsub                             0x08013b15   Thumb Code     6  dadd.o(.text)
    __aeabi_drsub                            0x08013b1b   Thumb Code     6  dadd.o(.text)
    __aeabi_dmul                             0x08013b21   Thumb Code   226  dmul.o(.text)
    __aeabi_ddiv                             0x08013c03   Thumb Code   222  ddiv.o(.text)
    __aeabi_ui2f                             0x08013ce1   Thumb Code    10  ffltui.o(.text)
    __aeabi_i2d                              0x08013ceb   Thumb Code    34  dflti.o(.text)
    __aeabi_ui2d                             0x08013d0d   Thumb Code    26  dfltui.o(.text)
    __aeabi_f2iz                             0x08013d27   Thumb Code    50  ffixi.o(.text)
    __aeabi_f2d                              0x08013d59   Thumb Code    44  f2d.o(.text)
    __aeabi_d2f                              0x08013d85   Thumb Code    56  d2f.o(.text)
    __aeabi_uidiv                            0x08013dbd   Thumb Code     0  uidiv.o(.text)
    __aeabi_uidivmod                         0x08013dbd   Thumb Code    44  uidiv.o(.text)
    __aeabi_uldivmod                         0x08013de9   Thumb Code   102  uldiv.o(.text)
    __aeabi_llsl                             0x08013e4f   Thumb Code    30  llshl.o(.text)
    _ll_shift_l                              0x08013e4f   Thumb Code     0  llshl.o(.text)
    __aeabi_lasr                             0x08013e6d   Thumb Code    36  llsshr.o(.text)
    _ll_sshift_r                             0x08013e6d   Thumb Code     0  llsshr.o(.text)
    localtime                                0x08013e91   Thumb Code     6  localtime_w.o(.text)
    _localtime                               0x08013e9d   Thumb Code   122  localtime_i.o(.text)
    strtol                                   0x08013f1d   Thumb Code   112  strtol.o(.text)
    __I$use$fp                               0x08013f8d   Thumb Code     0  iusefp.o(.text)
    _float_round                             0x08013f8d   Thumb Code    18  fepilogue.o(.text)
    _float_epilogue                          0x08013f9f   Thumb Code    94  fepilogue.o(.text)
    _double_round                            0x08013ffd   Thumb Code    26  depilogue.o(.text)
    _double_epilogue                         0x08014017   Thumb Code   168  depilogue.o(.text)
    __aeabi_d2ulz                            0x080140bf   Thumb Code    48  dfixul.o(.text)
    __aeabi_cdrcmple                         0x080140f1   Thumb Code    38  cdrcmple.o(.text)
    __scatterload                            0x08014119   Thumb Code    28  init.o(.text)
    __scatterload_rt2                        0x08014119   Thumb Code     0  init.o(.text)
    __aeabi_llsr                             0x0801413d   Thumb Code    32  llushr.o(.text)
    _ll_ushift_r                             0x0801413d   Thumb Code     0  llushr.o(.text)
    __rt_ctype_table                         0x0801415d   Thumb Code     4  ctype_o.o(.text)
    _strtoul                                 0x08014165   Thumb Code   156  _strtoul.o(.text)
    _chval                                   0x08014201   Thumb Code    32  _chval.o(.text)
    __decompress                             0x08014221   Thumb Code     0  __dclz77c.o(.text)
    __decompress2                            0x08014221   Thumb Code    96  __dclz77c.o(.text)
    __0printf                                0x08014281   Thumb Code    22  printfa.o(i.__0printf)
    __1printf                                0x08014281   Thumb Code     0  printfa.o(i.__0printf)
    __2printf                                0x08014281   Thumb Code     0  printfa.o(i.__0printf)
    __c89printf                              0x08014281   Thumb Code     0  printfa.o(i.__0printf)
    printf                                   0x08014281   Thumb Code     0  printfa.o(i.__0printf)
    __0sprintf                               0x080142a1   Thumb Code    34  printfa.o(i.__0sprintf)
    __1sprintf                               0x080142a1   Thumb Code     0  printfa.o(i.__0sprintf)
    __2sprintf                               0x080142a1   Thumb Code     0  printfa.o(i.__0sprintf)
    __c89sprintf                             0x080142a1   Thumb Code     0  printfa.o(i.__0sprintf)
    sprintf                                  0x080142a1   Thumb Code     0  printfa.o(i.__0sprintf)
    __0vsprintf                              0x080142c9   Thumb Code    28  printfa.o(i.__0vsprintf)
    __1vsprintf                              0x080142c9   Thumb Code     0  printfa.o(i.__0vsprintf)
    __2vsprintf                              0x080142c9   Thumb Code     0  printfa.o(i.__0vsprintf)
    __c89vsprintf                            0x080142c9   Thumb Code     0  printfa.o(i.__0vsprintf)
    vsprintf                                 0x080142c9   Thumb Code     0  printfa.o(i.__0vsprintf)
    __aeabi_errno_addr                       0x080142e9   Thumb Code     4  errno.o(i.__aeabi_errno_addr)
    __rt_errno_addr                          0x080142e9   Thumb Code     0  errno.o(i.__aeabi_errno_addr)
    __scatterload_copy                       0x080142f1   Thumb Code    14  handlers.o(i.__scatterload_copy)
    __scatterload_null                       0x080142ff   Thumb Code     2  handlers.o(i.__scatterload_null)
    __scatterload_zeroinit                   0x08014301   Thumb Code    14  handlers.o(i.__scatterload_zeroinit)
    free                                     0x08014b99   Thumb Code    76  malloc.o(i.free)
    malloc                                   0x08014be9   Thumb Code    92  malloc.o(i.malloc)
    vert                                     0x08014c54   Data           4  shellcmd.o(.constdata)
    rouge                                    0x08014c58   Data           4  shellcmd.o(.constdata)
    jaune                                    0x08014c5c   Data           4  shellcmd.o(.constdata)
    bleu                                     0x08014c60   Data           4  shellcmd.o(.constdata)
    normale                                  0x08014c64   Data           4  shellcmd.o(.constdata)
    rouge_mutation                           0x08014c68   Data           4  shellcmd.o(.constdata)
    vert_mutation                            0x08014c6c   Data           4  shellcmd.o(.constdata)
    Weekchar                                 0x08014c70   Data          28  shellcmd.o(.constdata)
    MeaPropTab                               0x08014c8c   Data         672  shellcmd.o(.constdata)
    DisignTab                                0x08014f2c   Data         272  shellcmd.o(.constdata)
    CoefTab                                  0x0801503c   Data          36  shellcmd.o(.constdata)
    CmdTable                                 0x08015060   Data         672  shellcmd.o(.constdata)
    ethbroadcast                             0x080153e6   Data           6  etharp.o(.constdata)
    ethzero                                  0x080153ec   Data           6  etharp.o(.constdata)
    tcp_backoff                              0x08015416   Data          13  tcp.o(.constdata)
    tcp_persist_backoff                      0x08015423   Data           7  tcp.o(.constdata)
    ip_addr_any                              0x0801542a   Data           4  ip_addr.o(.constdata)
    ip_addr_broadcast                        0x0801542e   Data           4  ip_addr.o(.constdata)
    VENDORGREETING                           0x08015434   Data         348  helloworld.o(.constdata)
    VENDEURGREETING                          0x08015590   Data         650  helloworld.o(.constdata)
    USERMANUAL                               0x0801581a   Data         813  helloworld.o(.constdata)
    __ctype_table                            0x08015bf3   Data         129  ctype_o.o(.constdata)
    Region$$Table$$Base                      0x08015cc0   Number         0  anon$$obj.o(Region$$Table)
    Region$$Table$$Limit                     0x08015ce0   Number         0  anon$$obj.o(Region$$Table)
    DevIPAddressTab                          0x20000014   Data           4  main.o(.data)
    EthInitState                             0x20000018   Data           1  main.o(.data)
    QRYTimer                                 0x2000001c   Data           4  main.o(.data)
    CANTimer                                 0x20000020   Data           4  main.o(.data)
    P103Timer                                0x20000024   Data           4  main.o(.data)
    SECTimer                                 0x20000028   Data           4  main.o(.data)
    Msec_Value                               0x2000002c   Data           1  main.o(.data)
    RunStatturn                              0x2000002e   Data           1  main.o(.data)
    status                                   0x2000002f   Data           1  main.o(.data)
    SystemCoreClock                          0x20000030   Data           4  system_stm32f10x.o(.data)
    AHBPrescTable                            0x20000034   Data          16  system_stm32f10x.o(.data)
    DevNameStr                               0x20000044   Data          16  realtimedb.o(.data)
    comstate                                 0x2000005c   Data          64  com_manager.o(.data)
    TCP103_BUSYHOLDING_FLAG                  0x2000009c   Data           1  lwp103client.o(.data)
    PseyewinIpTab                            0x200000a4   Data           4  lwp103client.o(.data)
    Pt103_asdu10_cnt                         0x200000a8   Data           1  lwp103client.o(.data)
    RII                                      0x200000a9   Data           1  lwp103client.o(.data)
    LocalTime                                0x200000ac   Data           4  bsp.o(.data)
    NonElectr_TripMap                        0x200000b0   Data           4  bsp.o(.data)
    NonElectr_TripDi                         0x200000b4   Data           4  bsp.o(.data)
    timingdelay                              0x200000bc   Data           4  bsp.o(.data)
    NVIC_InitStructure                       0x200000c0   Data           4  bsp.o(.data)
    Trip_turnned                             0x200000c4   Data           4  bsp.o(.data)
    Compress_Factor                          0x200002c8   Data           1  basebus_protocol.o(.data)
    CommingCall                              0x200002c9   Data           1  basebus_protocol.o(.data)
    BusHolding                               0x200002ca   Data           1  basebus_protocol.o(.data)
    MasterReceptionComplete                  0x200002cb   Data           1  basebus_protocol.o(.data)
    I2C_BUSYHOLDING_FLAG                     0x200002cc   Data           1  basebus_protocol.o(.data)
    BusBusyCounter                           0x200002cd   Data           1  basebus_protocol.o(.data)
    TxBuffer                                 0x200002ce   Data           8  basebus_protocol.o(.data)
    TCPTimer                                 0x200002d8   Data           4  netconf.o(.data)
    ARPTimer                                 0x200002dc   Data           4  netconf.o(.data)
    DHCPfineTimer                            0x200002e0   Data           4  netconf.o(.data)
    DHCPcoarseTimer                          0x200002e4   Data           4  netconf.o(.data)
    DisplayTimer                             0x200002ec   Data           4  netconf.o(.data)
    LedToggle                                0x200002f0   Data           1  netconf.o(.data)
    Server                                   0x200002f1   Data           1  netconf.o(.data)
    macaddress                               0x200002f2   Data           6  netconf.o(.data)
    Can_Online                               0x200002f8   Data           1  canbus.o(.data)
    Can_OnlineCnt                            0x200002fc   Data           4  canbus.o(.data)
    CAN_MeasureTab                           0x20000300   Data           8  canbus.o(.data)
    PASSWORD                                 0x20000308   Data           4  shellcmd.o(.data)
    SYSPW                                    0x2000030c   Data           9  shellcmd.o(.data)
    Shell_State                              0x20000318   Data           4  shellcmd.o(.data)
    CallMeasureTime                          0x20000720   Data           4  modbus.o(.data)
    Tx_Idx                                   0x20000724   Data           1  i2croutines.o(.data)
    Rx_Idx                                   0x20000725   Data           1  i2croutines.o(.data)
    I2CDirection                             0x20000728   Data           4  i2croutines.o(.data)
    NumbOfBytes                              0x2000072c   Data           4  i2croutines.o(.data)
    Address                                  0x20000730   Data           1  i2croutines.o(.data)
    BusErrorCnt                              0x20000731   Data           1  i2croutines.o(.data)
    DMATxDescToSet                           0x20000734   Data           4  stm32_eth.o(.data)
    DMARxDescToGet                           0x20000738   Data           4  stm32_eth.o(.data)
    DMAPTPTxDescToSet                        0x2000073c   Data           4  stm32_eth.o(.data)
    DMAPTPRxDescToGet                        0x20000740   Data           4  stm32_eth.o(.data)
    netif_list                               0x2000075c   Data           4  netif.o(.data)
    netif_default                            0x20000760   Data           4  netif.o(.data)
    tcp_ticks                                0x20000770   Data           4  tcp.o(.data)
    tcp_bound_pcbs                           0x20000774   Data           4  tcp.o(.data)
    tcp_listen_pcbs                          0x20000778   Data           4  tcp.o(.data)
    tcp_active_pcbs                          0x2000077c   Data           4  tcp.o(.data)
    tcp_tw_pcbs                              0x20000780   Data           4  tcp.o(.data)
    tcp_tmp_pcb                              0x20000784   Data           4  tcp.o(.data)
    tcp_input_pcb                            0x200007a8   Data           4  tcp_in.o(.data)
    udp_pcbs                                 0x200007ac   Data           4  udp.o(.data)
    DMATxDesc                                0x200007c8   Data           4  ethernetif.o(.data)
    tcp_end_time                             0x200007cc   Data           4  ethernetif.o(.data)
    arp_end_time                             0x200007d0   Data           4  ethernetif.o(.data)
    MACaddr                                  0x200007d4   Data           6  ethernetif.o(.data)
    __stdout                                 0x200007dc   Data           4  stdout.o(.data)
    __microlib_freelist                      0x200007e0   Data           4  mvars.o(.data)
    __microlib_freelist_initialised          0x200007e4   Data           4  mvars.o(.data)
    SetCurrent                               0x200007ec   Data         752  realtimedb.o(.bss)
    SOE_Queue                                0x20000adc   Data         512  soe.o(.bss)
    turnned                                  0x20000cdc   Data          16  bsp.o(.bss)
    ADCConvertedValue                        0x20000cec   Data         120  bsp.o(.bss)
    SelectValueTab                           0x20000d64   Data          60  bsp.o(.bss)
    USART_InitStructure                      0x20000da0   Data          16  bsp.o(.bss)
    I2C_InitStruct                           0x20000db0   Data          16  bsp.o(.bss)
    ETH_InitStructure                        0x20000dc0   Data         188  bsp.o(.bss)
    CAN_InitStructure                        0x20000e7c   Data          12  bsp.o(.bss)
    CAN_FilterInitStructure                  0x20000e88   Data          14  bsp.o(.bss)
    DeviceSerial                             0x20000e98   Data          12  bsp.o(.bss)
    DiStatus_DI                              0x20000ea4   Data          48  bsp.o(.bss)
    UART_RxBuffer                            0x20000ed4   Data          24  bsp.o(.bss)
    RxBuffer                                 0x20000eec   Data         127  basebus_protocol.o(.bss)
    I2C_MeasureTab                           0x20000f6c   Data          96  basebus_protocol.o(.bss)
    Burst_Measure                            0x20000fcc   Data          24  basebus_protocol.o(.bss)
    Burst_Di                                 0x20000fe4   Data          16  basebus_protocol.o(.bss)
    netif                                    0x20001054   Data          48  netconf.o(.bss)
    RxMessage                                0x20001084   Data          20  canbus.o(.bss)
    TxMessage                                0x20001098   Data          20  canbus.o(.bss)
    DMARxDscrTab                             0x2000aec8   Data          64  ethernetif.o(.bss)
    DMATxDscrTab                             0x2000af08   Data          32  ethernetif.o(.bss)
    Rx_Buff                                  0x2000af28   Data        6080  ethernetif.o(.bss)
    Tx_Buff                                  0x2000c6e8   Data        3040  ethernetif.o(.bss)
    __heap_base                              0x2000d2f8   Data           0  startup_stm32f10x_cl.o(HEAP)
    __heap_limit                             0x2000daf8   Data           0  startup_stm32f10x_cl.o(HEAP)
    __initial_sp                             0x2000def8   Data           0  startup_stm32f10x_cl.o(STACK)



==============================================================================

Memory Map of the image

  Image Entry point : 0x08000151

  Load Region LR_IROM1 (Base: 0x08000000, Size: 0x000164cc, Max: 0x0003c000, ABSOLUTE, COMPRESSED[0x00015ea8])

    Execution Region ER_IROM1 (Base: 0x08000000, Size: 0x00015ce0, Max: 0x0003c000, ABSOLUTE)

    Base Addr    Size         Type   Attr      Idx    E Section Name        Object

    0x08000000   0x00000150   Data   RO            4    RESET               startup_stm32f10x_cl.o
    0x08000150   0x00000000   Code   RO          115  * .ARM.Collect$$$$00000000  mc_w.l(entry.o)(mc_w.l)
    0x08000150   0x00000004   Code   RO          287    .ARM.Collect$$$$00000001  mc_w.l(entry2.o)(mc_w.l)
    0x08000154   0x00000004   Code   RO          290    .ARM.Collect$$$$00000004  mc_w.l(entry5.o)(mc_w.l)
    0x08000158   0x00000008   Code   RO          291    .ARM.Collect$$$$00000007  mc_w.l(entry7.o)(mc_w.l)
    0x08000160   0x00000004   Code   RO          288    .ARM.Collect$$$$00002712  mc_w.l(entry2.o)(mc_w.l)
    0x08000164   0x00000024   Code   RO            5    .text               startup_stm32f10x_cl.o
    0x08000188   0x000001fc   Code   RO            7    .text               misc.o
    0x08000384   0x00000ecc   Code   RO            8    .text               stm32f10x_adc.o
    0x08001250   0x000002d0   Code   RO            9    .text               stm32f10x_bkp.o
    0x08001520   0x00000f34   Code   RO           10    .text               stm32f10x_can.o
    0x08002454   0x00000048   Code   RO           11    .text               stm32f10x_crc.o
    0x0800249c   0x000008f4   Code   RO           13    .text               stm32f10x_dma.o
    0x08002d90   0x00000798   Code   RO           15    .text               stm32f10x_flash.o
    0x08003528   0x00000a64   Code   RO           16    .text               stm32f10x_gpio.o
    0x08003f8c   0x00000c64   Code   RO           17    .text               stm32f10x_i2c.o
    0x08004bf0   0x000000dc   Code   RO           18    .text               stm32f10x_iwdg.o
    0x08004ccc   0x000001cc   Code   RO           19    .text               stm32f10x_pwr.o
    0x08004e98   0x00000b0c   Code   RO           20    .text               stm32f10x_rcc.o
    0x080059a4   0x00000258   Code   RO           22    .text               stm32f10x_rtc.o
    0x08005bfc   0x00000db8   Code   RO           25    .text               stm32f10x_usart.o
    0x080069b4   0x0000029c   Code   RO           26    .text               main.o
    0x08006c50   0x0000006c   Code   RO           28    .text               stm32f10x_it.o
    0x08006cbc   0x0000026c   Code   RO           29    .text               system_stm32f10x.o
    0x08006f28   0x000001c0   Code   RO           31    .text               realtimedb.o
    0x080070e8   0x000000c4   Code   RO           34    .text               rtc_time.o
    0x080071ac   0x000006ec   Code   RO           35    .text               pad_client.o
    0x08007898   0x00000200   Code   RO           37    .text               soe.o
    0x08007a98   0x00000130   Code   RO           40    .text               com_manager.o
    0x08007bc8   0x00000a38   Code   RO           42    .text               lwp103client.o
    0x08008600   0x00000284   Code   RO           44    .text               103com_func.o
    0x08008884   0x00000c40   Code   RO           45    .text               bsp.o
    0x080094c4   0x000002dc   Code   RO           48    .text               basebus_protocol.o
    0x080097a0   0x000000c8   Code   RO           51    .text               netconf.o
    0x08009868   0x00000280   Code   RO           54    .text               canbus.o
    0x08009ae8   0x0000133c   Code   RO           57    .text               shellcmd.o
    0x0800ae24   0x000002d4   Code   RO           62    .text               tcp_modbus.o
    0x0800b0f8   0x000002c8   Code   RO           64    .text               modbus.o
    0x0800b3c0   0x00000594   Code   RO           66    .text               i2croutines.o
    0x0800b954   0x00001fa0   Code   RO           68    .text               stm32_eth.o
    0x0800d8f4   0x000009bc   Code   RO           70    .text               etharp.o
    0x0800e2b0   0x000003f8   Code   RO           75    .text               mem.o
    0x0800e6a8   0x000000c0   Code   RO           78    .text               memp.o
    0x0800e768   0x00000204   Code   RO           81    .text               netif.o
    0x0800e96c   0x0000070a   Code   RO           83    .text               pbuf.o
    0x0800f076   0x00000002   PAD
    0x0800f078   0x000001a4   Code   RO           84    .text               raw.o
    0x0800f21c   0x00000c34   Code   RO           86    .text               tcp.o
    0x0800fe50   0x00001358   Code   RO           89    .text               tcp_in.o
    0x080111a8   0x00000a42   Code   RO           92    .text               tcp_out.o
    0x08011bea   0x00000002   PAD
    0x08011bec   0x00000400   Code   RO           93    .text               udp.o
    0x08011fec   0x00000230   Code   RO           95    .text               icmp.o
    0x0801221c   0x0000021c   Code   RO           96    .text               inet.o
    0x08012438   0x00000156   Code   RO           98    .text               inet_chksum.o
    0x0801258e   0x00000002   PAD
    0x08012590   0x00000324   Code   RO           99    .text               ip.o
    0x080128b4   0x0000004e   Code   RO          101    .text               ip_addr.o
    0x08012902   0x00000002   PAD
    0x08012904   0x00000644   Code   RO          103    .text               ip_frag.o
    0x08012f48   0x00000554   Code   RO          106    .text               helloworld.o
    0x0801349c   0x000002e0   Code   RO          109    .text               ethernetif.o
    0x0801377c   0x000000a0   Code   RO          121    .text               mc_w.l(mktime.o)(mc_w.l)
    0x0801381c   0x00000024   Code   RO          123    .text               mc_w.l(memcpya.o)(mc_w.l)
    0x08013840   0x00000026   Code   RO          124    .text               mc_w.l(memseta.o)(mc_w.l)
    0x08013866   0x00000010   Code   RO          125    .text               mc_w.l(strlen.o)(mc_w.l)
    0x08013876   0x0000001e   Code   RO          126    .text               mc_w.l(strncmp.o)(mc_w.l)
    0x08013894   0x00000020   Code   RO          127    .text               mc_w.l(strpbrk.o)(mc_w.l)
    0x080138b4   0x0000001c   Code   RO          274    .text               mc_w.l(calloc.o)(mc_w.l)
    0x080138d0   0x0000001a   Code   RO          275    .text               mc_w.l(atoi.o)(mc_w.l)
    0x080138ea   0x0000006c   Code   RO          276    .text               mf_w.l(fmul.o)(mf_w.l)
    0x08013956   0x00000080   Code   RO          277    .text               mf_w.l(fdiv.o)(mf_w.l)
    0x080139d6   0x0000014a   Code   RO          278    .text               mf_w.l(dadd.o)(mf_w.l)
    0x08013b20   0x000000e2   Code   RO          279    .text               mf_w.l(dmul.o)(mf_w.l)
    0x08013c02   0x000000de   Code   RO          280    .text               mf_w.l(ddiv.o)(mf_w.l)
    0x08013ce0   0x0000000a   Code   RO          281    .text               mf_w.l(ffltui.o)(mf_w.l)
    0x08013cea   0x00000022   Code   RO          282    .text               mf_w.l(dflti.o)(mf_w.l)
    0x08013d0c   0x0000001a   Code   RO          283    .text               mf_w.l(dfltui.o)(mf_w.l)
    0x08013d26   0x00000032   Code   RO          284    .text               mf_w.l(ffixi.o)(mf_w.l)
    0x08013d58   0x0000002c   Code   RO          285    .text               mf_w.l(f2d.o)(mf_w.l)
    0x08013d84   0x00000038   Code   RO          286    .text               mf_w.l(d2f.o)(mf_w.l)
    0x08013dbc   0x0000002c   Code   RO          293    .text               mc_w.l(uidiv.o)(mc_w.l)
    0x08013de8   0x00000066   Code   RO          294    .text               mc_w.l(uldiv.o)(mc_w.l)
    0x08013e4e   0x0000001e   Code   RO          295    .text               mc_w.l(llshl.o)(mc_w.l)
    0x08013e6c   0x00000024   Code   RO          296    .text               mc_w.l(llsshr.o)(mc_w.l)
    0x08013e90   0x0000000c   Code   RO          297    .text               mc_w.l(localtime_w.o)(mc_w.l)
    0x08013e9c   0x00000080   Code   RO          299    .text               mc_w.l(localtime_i.o)(mc_w.l)
    0x08013f1c   0x00000070   Code   RO          307    .text               mc_w.l(strtol.o)(mc_w.l)
    0x08013f8c   0x00000000   Code   RO          308    .text               mc_w.l(iusefp.o)(mc_w.l)
    0x08013f8c   0x00000070   Code   RO          309    .text               mf_w.l(fepilogue.o)(mf_w.l)
    0x08013ffc   0x000000c2   Code   RO          310    .text               mf_w.l(depilogue.o)(mf_w.l)
    0x080140be   0x00000030   Code   RO          311    .text               mf_w.l(dfixul.o)(mf_w.l)
    0x080140ee   0x00000002   PAD
    0x080140f0   0x00000028   Code   RO          312    .text               mf_w.l(cdrcmple.o)(mf_w.l)
    0x08014118   0x00000024   Code   RO          313    .text               mc_w.l(init.o)(mc_w.l)
    0x0801413c   0x00000020   Code   RO          314    .text               mc_w.l(llushr.o)(mc_w.l)
    0x0801415c   0x00000008   Code   RO          315    .text               mc_w.l(ctype_o.o)(mc_w.l)
    0x08014164   0x0000009c   Code   RO          330    .text               mc_w.l(_strtoul.o)(mc_w.l)
    0x08014200   0x00000020   Code   RO          331    .text               mc_w.l(_chval.o)(mc_w.l)
    0x08014220   0x00000060   Code   RO          337    .text               mc_w.l(__dclz77c.o)(mc_w.l)
    0x08014280   0x00000020   Code   RO          246    i.__0printf         mc_w.l(printfa.o)(mc_w.l)
    0x080142a0   0x00000028   Code   RO          248    i.__0sprintf        mc_w.l(printfa.o)(mc_w.l)
    0x080142c8   0x00000020   Code   RO          252    i.__0vsprintf       mc_w.l(printfa.o)(mc_w.l)
    0x080142e8   0x00000008   Code   RO          303    i.__aeabi_errno_addr  mc_w.l(errno.o)(mc_w.l)
    0x080142f0   0x0000000e   Code   RO          334    i.__scatterload_copy  mc_w.l(handlers.o)(mc_w.l)
    0x080142fe   0x00000002   Code   RO          335    i.__scatterload_null  mc_w.l(handlers.o)(mc_w.l)
    0x08014300   0x0000000e   Code   RO          336    i.__scatterload_zeroinit  mc_w.l(handlers.o)(mc_w.l)
    0x0801430e   0x00000002   PAD
    0x08014310   0x00000154   Code   RO          253    i._fp_digits        mc_w.l(printfa.o)(mc_w.l)
    0x08014464   0x000006d4   Code   RO          254    i._printf_core      mc_w.l(printfa.o)(mc_w.l)
    0x08014b38   0x00000026   Code   RO          255    i._printf_post_padding  mc_w.l(printfa.o)(mc_w.l)
    0x08014b5e   0x0000002e   Code   RO          256    i._printf_pre_padding  mc_w.l(printfa.o)(mc_w.l)
    0x08014b8c   0x0000000a   Code   RO          258    i._sputc            mc_w.l(printfa.o)(mc_w.l)
    0x08014b96   0x00000002   PAD
    0x08014b98   0x00000050   Code   RO          260    i.free              mc_w.l(malloc.o)(mc_w.l)
    0x08014be8   0x0000006c   Code   RO          261    i.malloc            mc_w.l(malloc.o)(mc_w.l)
    0x08014c54   0x00000792   Data   RO           59    .constdata          shellcmd.o
    0x080153e6   0x0000000c   Data   RO           72    .constdata          etharp.o
    0x080153f2   0x00000024   Data   RO           80    .constdata          memp.o
    0x08015416   0x00000014   Data   RO           87    .constdata          tcp.o
    0x0801542a   0x00000008   Data   RO          102    .constdata          ip_addr.o
    0x08015432   0x00000002   PAD
    0x08015434   0x000007a7   Data   RO          107    .constdata          helloworld.o
    0x08015bdb   0x0000000c   Data   RO          122    .constdata          mc_w.l(mktime.o)(mc_w.l)
    0x08015be7   0x0000000c   Data   RO          300    .constdata          mc_w.l(localtime_i.o)(mc_w.l)
    0x08015bf3   0x00000081   Data   RO          316    .constdata          mc_w.l(ctype_o.o)(mc_w.l)
    0x08015c74   0x00000004   Data   RO          317    .constdata          mc_w.l(ctype_o.o)(mc_w.l)
    0x08015c78   0x00000047   Data   RO           60    .conststring        shellcmd.o
    0x08015cbf   0x00000001   PAD
    0x08015cc0   0x00000020   Data   RO          332    Region$$Table       anon$$obj.o


    Execution Region RW_IRAM1 (Base: 0x20000000, Size: 0x0000def8, Max: 0x00010000, ABSOLUTE, COMPRESSED[0x000001c8])

    Base Addr    Size         Type   Attr      Idx    E Section Name        Object

    0x20000000   0x00000014   Data   RW           21    .data               stm32f10x_rcc.o
    0x20000014   0x0000001c   Data   RW           27    .data               main.o
    0x20000030   0x00000014   Data   RW           30    .data               system_stm32f10x.o
    0x20000044   0x00000010   Data   RW           33    .data               realtimedb.o
    0x20000054   0x00000004   Data   RW           36    .data               pad_client.o
    0x20000058   0x00000002   Data   RW           39    .data               soe.o
    0x2000005a   0x00000002   PAD
    0x2000005c   0x00000040   Data   RW           41    .data               com_manager.o
    0x2000009c   0x0000000e   Data   RW           43    .data               lwp103client.o
    0x200000aa   0x00000002   PAD
    0x200000ac   0x0000001c   Data   RW           47    .data               bsp.o
    0x200000c8   0x0000020e   Data   RW           50    .data               basebus_protocol.o
    0x200002d6   0x00000002   PAD
    0x200002d8   0x00000020   Data   RW           53    .data               netconf.o
    0x200002f8   0x00000010   Data   RW           56    .data               canbus.o
    0x20000308   0x00000014   Data   RW           61    .data               shellcmd.o
    0x2000031c   0x00000204   Data   RW           63    .data               tcp_modbus.o
    0x20000520   0x00000204   Data   RW           65    .data               modbus.o
    0x20000724   0x0000000e   Data   RW           67    .data               i2croutines.o
    0x20000732   0x00000002   PAD
    0x20000734   0x00000010   Data   RW           69    .data               stm32_eth.o
    0x20000744   0x00000001   Data   RW           73    .data               etharp.o
    0x20000745   0x00000003   PAD
    0x20000748   0x0000000d   Data   RW           77    .data               mem.o
    0x20000755   0x00000003   PAD
    0x20000758   0x0000000c   Data   RW           82    .data               netif.o
    0x20000764   0x00000004   Data   RW           85    .data               raw.o
    0x20000768   0x00000021   Data   RW           88    .data               tcp.o
    0x20000789   0x00000003   PAD
    0x2000078c   0x00000020   Data   RW           91    .data               tcp_in.o
    0x200007ac   0x00000004   Data   RW           94    .data               udp.o
    0x200007b0   0x0000000c   Data   RW          100    .data               ip.o
    0x200007bc   0x00000006   Data   RW          105    .data               ip_frag.o
    0x200007c2   0x00000002   PAD
    0x200007c4   0x00000004   Data   RW          108    .data               helloworld.o
    0x200007c8   0x00000012   Data   RW          111    .data               ethernetif.o
    0x200007da   0x00000002   PAD
    0x200007dc   0x00000004   Data   RW          292    .data               mc_w.l(stdout.o)(mc_w.l)
    0x200007e0   0x00000004   Data   RW          301    .data               mc_w.l(mvars.o)(mc_w.l)
    0x200007e4   0x00000004   Data   RW          302    .data               mc_w.l(mvars.o)(mc_w.l)
    0x200007e8   0x00000004   Data   RW          306    .data               mc_w.l(errno.o)(mc_w.l)
    0x200007ec   0x000002f0   Zero   RW           32    .bss                realtimedb.o
    0x20000adc   0x00000200   Zero   RW           38    .bss                soe.o
    0x20000cdc   0x00000210   Zero   RW           46    .bss                bsp.o
    0x20000eec   0x00000168   Zero   RW           49    .bss                basebus_protocol.o
    0x20001054   0x00000030   Zero   RW           52    .bss                netconf.o
    0x20001084   0x00000028   Zero   RW           55    .bss                canbus.o
    0x200010ac   0x0000008c   Zero   RW           58    .bss                shellcmd.o
    0x20001138   0x000000c8   Zero   RW           71    .bss                etharp.o
    0x20001200   0x00005014   Zero   RW           76    .bss                mem.o
    0x20006214   0x000046af   Zero   RW           79    .bss                memp.o
    0x2000a8c3   0x00000001   PAD
    0x2000a8c4   0x00000014   Zero   RW           90    .bss                tcp_in.o
    0x2000a8d8   0x00000010   Zero   RW           97    .bss                inet.o
    0x2000a8e8   0x000005e0   Zero   RW          104    .bss                ip_frag.o
    0x2000aec8   0x00002400   Zero   RW          110    .bss                ethernetif.o
    0x2000d2c8   0x0000002c   Zero   RW          298    .bss                mc_w.l(localtime_w.o)(mc_w.l)
    0x2000d2f4   0x00000004   PAD
    0x2000d2f8   0x00000800   Zero   RW            3    HEAP                startup_stm32f10x_cl.o
    0x2000daf8   0x00000400   Zero   RW            2    STACK               startup_stm32f10x_cl.o


==============================================================================

Image component sizes


      Code (inc. data)   RO Data    RW Data    ZI Data      Debug   Object Name

       644          8          0          0          0          0   103com_func.o
       732         34          0        526        360          0   basebus_protocol.o
      3136        246          0         28        528          0   bsp.o
       640         92          0         16         40          0   canbus.o
       304        118          0         64          0          0   com_manager.o
      2492         24         12          1        200          0   etharp.o
       736         42          0         18       9216          0   ethernetif.o
      1364        140       1959          4          0          0   helloworld.o
      1428         90          0         14          0          0   i2croutines.o
       560          0          0          0          0          0   icmp.o
       540         12          0          0         16          0   inet.o
       342          0          0          0          0          0   inet_chksum.o
       804         20          0         12          0          0   ip.o
        78          0          8          0          0          0   ip_addr.o
      1604         18          0          6       1504          0   ip_frag.o
      2616        256          0         14          0          0   lwp103client.o
       668        156          0         28          0          0   main.o
      1016         20          0         13      20500          0   mem.o
       192         18         36          0      18095          0   memp.o
       508         76          0          0          0          0   misc.o
       712         24          0        516          0          0   modbus.o
       200         36          0         32         48          0   netconf.o
       516         22          0         12          0          0   netif.o
      1772        302          0          4          0          0   pad_client.o
      1802          0          0          0          0          0   pbuf.o
       420          6          0          4          0          0   raw.o
       448         16          0         16        752          0   realtimedb.o
       196          0          0          0          0          0   rtc_time.o
      4924       1384       2009         20        140          0   shellcmd.o
       512         88          0          2        512          0   soe.o
        36          8        336          0       3072          0   startup_stm32f10x_cl.o
      8096        252          0         16          0          0   stm32_eth.o
      3788        138          0          0          0          0   stm32f10x_adc.o
       720         86          0          0          0          0   stm32f10x_bkp.o
      3892        142          0          0          0          0   stm32f10x_can.o
        72          4          0          0          0          0   stm32f10x_crc.o
      2292        146          0          0          0          0   stm32f10x_dma.o
      1944        106          0          0          0          0   stm32f10x_flash.o
      2660        192          0          0          0          0   stm32f10x_gpio.o
      3172        150          0          0          0          0   stm32f10x_i2c.o
       108          0          0          0          0          0   stm32f10x_it.o
       220         56          0          0          0          0   stm32f10x_iwdg.o
       460         70          0          0          0          0   stm32f10x_pwr.o
      2828        144          0         20          0          0   stm32f10x_rcc.o
       600         84          0          0          0          0   stm32f10x_rtc.o
      3512        140          0          0          0          0   stm32f10x_usart.o
       620         48          0         20          0          0   system_stm32f10x.o
      3124        106         20         33          0          0   tcp.o
      4952        206          0         32         20          0   tcp_in.o
       724         76          0        516          0          0   tcp_modbus.o
      2626         14          0          0          0          0   tcp_out.o
      1024         10          0          4          0          0   udp.o

    ----------------------------------------------------------------------
     79384       5426       4415       2012      55004          0   Object Totals
         0          0         32          0          0          0   (incl. Generated)
         8          0          3         21          1          0   (incl. Padding)

    ----------------------------------------------------------------------

      Code (inc. data)   RO Data    RW Data    ZI Data      Debug   Library Member Name

        96          0          0          0          0          0   __dclz77c.o
        32          0          0          0          0          0   _chval.o
       156          0          0          0          0          0   _strtoul.o
        26          0          0          0          0          0   atoi.o
        28          0          0          0          0          0   calloc.o
         8          4        133          0          0          0   ctype_o.o
         0          0          0          0          0          0   entry.o
         8          4          0          0          0          0   entry2.o
         4          0          0          0          0          0   entry5.o
         8          4          0          0          0          0   entry7.o
         8          4          0          4          0          0   errno.o
        30          0          0          0          0          0   handlers.o
        36          8          0          0          0          0   init.o
         0          0          0          0          0          0   iusefp.o
        30          0          0          0          0          0   llshl.o
        36          0          0          0          0          0   llsshr.o
        32          0          0          0          0          0   llushr.o
       128          6         12          0          0          0   localtime_i.o
        12          6          0          0         44          0   localtime_w.o
       188         20          0          0          0          0   malloc.o
        36          0          0          0          0          0   memcpya.o
        38          0          0          0          0          0   memseta.o
       160         18         12          0          0          0   mktime.o
         0          0          0          8          0          0   mvars.o
      2286        102          0          0          0          0   printfa.o
         0          0          0          4          0          0   stdout.o
        16          0          0          0          0          0   strlen.o
        30          0          0          0          0          0   strncmp.o
        32          0          0          0          0          0   strpbrk.o
       112          0          0          0          0          0   strtol.o
        44          0          0          0          0          0   uidiv.o
       102          0          0          0          0          0   uldiv.o
        40          2          0          0          0          0   cdrcmple.o
        56          0          0          0          0          0   d2f.o
       330          0          0          0          0          0   dadd.o
       222          0          0          0          0          0   ddiv.o
       194          0          0          0          0          0   depilogue.o
        48          0          0          0          0          0   dfixul.o
        34          0          0          0          0          0   dflti.o
        26          0          0          0          0          0   dfltui.o
       226          0          0          0          0          0   dmul.o
        44          0          0          0          0          0   f2d.o
       128          0          0          0          0          0   fdiv.o
       112          0          0          0          0          0   fepilogue.o
        50          0          0          0          0          0   ffixi.o
        10          0          0          0          0          0   ffltui.o
       108          0          0          0          0          0   fmul.o

    ----------------------------------------------------------------------
      5356        178        157         16         48          0   Library Totals
         6          0          0          0          4          0   (incl. Padding)

    ----------------------------------------------------------------------

      Code (inc. data)   RO Data    RW Data    ZI Data      Debug   Library Name

      3722        176        157         16         44          0   mc_w.l
      1628          2          0          0          0          0   mf_w.l

    ----------------------------------------------------------------------
      5356        178        157         16         48          0   Library Totals

    ----------------------------------------------------------------------

==============================================================================


      Code (inc. data)   RO Data    RW Data    ZI Data      Debug   

     84740       5604       4572       2028      55052          0   Grand Totals
     84740       5604       4572        456      55052          0   ELF Image Totals (compressed)
     84740       5604       4572        456          0          0   ROM Totals

==============================================================================

    Total RO  Size (Code + RO Data)                89312 (  87.22kB)
    Total RW  Size (RW Data + ZI Data)             57080 (  55.74kB)
    Total ROM Size (Code + RO Data + RW Data)      89768 (  87.66kB)

==============================================================================

